// Jest Snapshot v1, https://goo.gl/fbAQLP

exports[`Pruebas en <MoviesScreen/> Debe mostrar el componente redirect si no hay argumentos en el url 1`] = `""`;
